{
  "exclude": {
    "files": "^.secrets.baseline$",
    "lines": null
  },
  "generated_at": "2026-08-06T02:01:01Z",
  "plugins_used": [
    {
      "name": "AWSKeyDetector"
    },
    {
      "name": "ArtifactoryDetector"
    },
    {
      "name": "AzureStorageKeyDetector"
    },
    {
      "base64_limit": 4.5,
      "name": "Base64HighEntropyString"
    },
    {
      "name": "BasicAuthDetector"
    },
    {
      "name": "BoxDetector"
    },
    {
      "name": "CloudantDetector"
    },
    {
      "ghe_instance": "github.ibm.com",
      "name": "GheDetector"
    },
    {
      "name": "GitHubTokenDetector"
    },
    {
      "hex_limit": 3,
      "name": "HexHighEntropyString"
    },
    {
      "name": "IbmCloudIamDetector"
    },
    {
      "name": "IbmCosHmacDetector"
    },
    {
      "name": "JwtTokenDetector"
    },
    {
      "keyword_exclude": null,
      "name": "KeywordDetector"
    },
    {
      "name": "MailchimpDetector"
    },
    {
      "name": "NpmDetector"
    },
    {
      "name": "PrivateKeyDetector"
    },
    {
      "name": "SlackDetector"
    },
    {
      "name": "SoftlayerDetector"
    },
    {
      "name": "SquareOAuthDetector"
    },
    {
      "name": "StripeDetector"
    },
    {
      "name": "TwilioKeyDetector"
    }
  ],
  "results": {
    "docs/releases/3.2.6.md": [
      {
        "hashed_secret": "cf2137c04e85e1654a8ea5131d7a9eb8cd38cdde",
        "is_secret": false,
        "is_verified": false,
        "line_number": 120,
        "type": "Secret Keyword",
        "verified_result": null
      }
    ],
    "examples/dpop_demo/src/main/java/com/ibm/security/verifysdk/dpop/demoapp/MainActivity.kt": [
      {
        "hashed_secret": "37bded2b02223bfb8aca79d8d1521140b3bfb0b6",
        "is_secret": false,
        "is_verified": false,
        "line_number": 68,
        "type": "Secret Keyword",
        "verified_result": null
      }
    ],
    "examples/mfa_demo/PUSH_NOTIFICATION_SETUP.md": [
      {
        "hashed_secret": "37bded2b02223bfb8aca79d8d1521140b3bfb0b6",
        "is_secret": false,
        "is_verified": false,
        "line_number": 48,
        "type": "Secret Keyword",
        "verified_result": null
      },
      {
        "hashed_secret": "1348b145fa1a555461c1b790a2f66614781091e9",
        "is_secret": false,
        "is_verified": false,
        "line_number": 74,
        "type": "Private Key",
        "verified_result": null
      },
      {
        "hashed_secret": "1ccdffdaa7d44feca6d6db090e83db7c58f64981",
        "is_secret": false,
        "is_verified": false,
        "line_number": 74,
        "type": "Secret Keyword",
        "verified_result": null
      }
    ],
    "examples/mfa_demo/google-services.json": [
      {
        "hashed_secret": "1e5c2f367f02e47a8c160cda1cd9d91decbac441",
        "is_secret": false,
        "is_verified": false,
        "line_number": 35,
        "type": "Secret Keyword",
        "verified_result": null
      }
    ],
    "sdk/adaptive/src/androidTest/java/com/ibm/security/verifysdk/adaptive/test/LocalMockAdaptive.kt": [
      {
        "hashed_secret": "50759adf2caa28ab4857975a4273e6db545fdd01",
        "is_secret": false,
        "is_verified": false,
        "line_number": 233,
        "type": "Base64 High Entropy String",
        "verified_result": null
      },
      {
        "hashed_secret": "1971a73098da8f8dd135ae3a34e1848343b64b0b",
        "is_secret": false,
        "is_verified": false,
        "line_number": 234,
        "type": "Base64 High Entropy String",
        "verified_result": null
      }
    ],
    "sdk/adaptive/src/main/java/com/ibm/security/verifysdk/adaptive/AdaptiveResult.kt": [
      {
        "hashed_secret": "b7306d47e3c4cbc1573350f81284f6499eb4bc6c",
        "is_secret": false,
        "is_verified": false,
        "line_number": 176,
        "type": "Secret Keyword",
        "verified_result": null
      }
    ],
    "sdk/authentication/DPOP_USAGE.md": [
      {
        "hashed_secret": "c303df00cd0a72b21c62900b758b06fc541664ce",
        "is_secret": false,
        "is_verified": false,
        "line_number": 38,
        "type": "Secret Keyword",
        "verified_result": null
      },
      {
        "hashed_secret": "cbfdac6008f9cab4083784cbd1874f76618d2a97",
        "is_secret": false,
        "is_verified": false,
        "line_number": 81,
        "type": "Secret Keyword",
        "verified_result": null
      }
    ],
    "sdk/authentication/README.md": [
      {
        "hashed_secret": "c303df00cd0a72b21c62900b758b06fc541664ce",
        "is_secret": false,
        "is_verified": false,
        "line_number": 55,
        "type": "Secret Keyword",
        "verified_result": null
      },
      {
        "hashed_secret": "cbfdac6008f9cab4083784cbd1874f76618d2a97",
        "is_secret": false,
        "is_verified": false,
        "line_number": 146,
        "type": "Secret Keyword",
        "verified_result": null
      }
    ],
    "sdk/authentication/src/androidTest/java/com/ibm/security/verifysdk/authentication/OAuthProviderTest.kt": [
      {
        "hashed_secret": "8b142a91cfb6e617618ad437cedf74a6745f8926",
        "is_secret": false,
        "is_verified": false,
        "line_number": 49,
        "type": "Secret Keyword",
        "verified_result": null
      },
      {
        "hashed_secret": "b4c9248600a42f8c38c01b632f392dbcb4c7b19a",
        "is_secret": false,
        "is_verified": false,
        "line_number": 150,
        "type": "Hex High Entropy String",
        "verified_result": null
      },
      {
        "hashed_secret": "ce95f18c5e6023fe4f93c8bc8de80006e38f557d",
        "is_secret": false,
        "is_verified": false,
        "line_number": 382,
        "type": "Secret Keyword",
        "verified_result": null
      },
      {
        "hashed_secret": "0cb7e4e0ec58f058d25fc4e1921b7271640de74b",
        "is_secret": false,
        "is_verified": false,
        "line_number": 419,
        "type": "Secret Keyword",
        "verified_result": null
      },
      {
        "hashed_secret": "63da27e8aa773d3b555362167a21425bb63b71a4",
        "is_secret": false,
        "is_verified": false,
        "line_number": 809,
        "type": "Secret Keyword",
        "verified_result": null
      },
      {
        "hashed_secret": "87b3c620c1596bf09b00fe195a2e9a332c9db193",
        "is_secret": false,
        "is_verified": false,
        "line_number": 810,
        "type": "Secret Keyword",
        "verified_result": null
      },
      {
        "hashed_secret": "3a24cc56d9da647f84ac17d0c5290dc05593b4f4",
        "is_secret": false,
        "is_verified": false,
        "line_number": 860,
        "type": "Base64 High Entropy String",
        "verified_result": null
      }
    ],
    "sdk/authentication/src/androidTest/java/com/ibm/security/verifysdk/authentication/OIDCMetadataInfoTest.kt": [
      {
        "hashed_secret": "63da27e8aa773d3b555362167a21425bb63b71a4",
        "is_secret": false,
        "is_verified": false,
        "line_number": 1239,
        "type": "Secret Keyword",
        "verified_result": null
      },
      {
        "hashed_secret": "87b3c620c1596bf09b00fe195a2e9a332c9db193",
        "is_secret": false,
        "is_verified": false,
        "line_number": 1240,
        "type": "Secret Keyword",
        "verified_result": null
      }
    ],
    "sdk/authentication/src/androidTest/java/com/ibm/security/verifysdk/authentication/TokenInfoTestCloud.kt": [
      {
        "hashed_secret": "acb0985495f82170abe226cd525ebb8a5839d446",
        "is_secret": false,
        "is_verified": false,
        "line_number": 293,
        "type": "Hex High Entropy String",
        "verified_result": null
      }
    ],
    "sdk/authentication/src/androidTest/java/com/ibm/security/verifysdk/authentication/TokenInfoTestOnPrem.kt": [
      {
        "hashed_secret": "acb0985495f82170abe226cd525ebb8a5839d446",
        "is_secret": false,
        "is_verified": false,
        "line_number": 124,
        "type": "Hex High Entropy String",
        "verified_result": null
      }
    ],
    "sdk/authentication/src/main/java/com/ibm/security/verifysdk/authentication/api/OAuthProvider.kt": [
      {
        "hashed_secret": "6c5522ca8af86fc5069b737bb8892b3ea61002c2",
        "is_secret": false,
        "is_verified": false,
        "line_number": 434,
        "type": "Secret Keyword",
        "verified_result": null
      }
    ],
    "sdk/core/src/androidTest/java/com/ibm/security/verifysdk/core/UrlExtKtTest.kt": [
      {
        "hashed_secret": "9d4e1e23bd5b727046a9e3b4b7db57bd8d6ee684",
        "is_secret": false,
        "is_verified": false,
        "line_number": 123,
        "type": "Basic Auth Credentials",
        "verified_result": null
      }
    ],
    "sdk/core/src/main/java/com/ibm/security/verifysdk/core/extension/StringExt.kt": [
      {
        "hashed_secret": "6a40fbb3bd3c0673c9bff6ad305c8181d648a9bb",
        "is_secret": false,
        "is_verified": false,
        "line_number": 52,
        "type": "Base64 High Entropy String",
        "verified_result": null
      }
    ],
    "sdk/fido2/README.md": [
      {
        "hashed_secret": "a970be0cd88d10f482ebee950a18f3372aa7e54f",
        "is_secret": false,
        "is_verified": false,
        "line_number": 138,
        "type": "Base64 High Entropy String",
        "verified_result": null
      }
    ],
    "sdk/fido2/fido2_module.md": [
      {
        "hashed_secret": "a970be0cd88d10f482ebee950a18f3372aa7e54f",
        "is_secret": false,
        "is_verified": false,
        "line_number": 91,
        "type": "Base64 High Entropy String",
        "verified_result": null
      }
    ],
    "sdk/fido2/src/androidTest/java/com/ibm/security/verifysdk/fido2/model/PublicKeyCredentialCreationOptionsTest.kt": [
      {
        "hashed_secret": "87e3ce32e6ffedf1c12008f91bbc5ed48cb08f7e",
        "is_secret": false,
        "is_verified": false,
        "line_number": 50,
        "type": "Secret Keyword",
        "verified_result": null
      },
      {
        "hashed_secret": "cf96a42076a12e33d8285ea2a7bc45b9db6f7514",
        "is_secret": false,
        "is_verified": false,
        "line_number": 62,
        "type": "Secret Keyword",
        "verified_result": null
      }
    ],
    "sdk/fido2/src/androidTest/java/com/ibm/security/verifysdk/fido2/model/PublicKeyCredentialRequestOptionsTest.kt": [
      {
        "hashed_secret": "76f347819fc9789bc0de6193c107d055aa00fad3",
        "is_secret": false,
        "is_verified": false,
        "line_number": 24,
        "type": "Secret Keyword",
        "verified_result": null
      },
      {
        "hashed_secret": "c3250f5f1a116aa791e6dd63197611f8a0152219",
        "is_secret": false,
        "is_verified": false,
        "line_number": 35,
        "type": "Secret Keyword",
        "verified_result": null
      }
    ],
    "sdk/fido2/src/main/java/com/ibm/security/verifysdk/fido2/model/PublicKeyCredentialCreationOptions.kt": [
      {
        "hashed_secret": "87e3ce32e6ffedf1c12008f91bbc5ed48cb08f7e",
        "is_secret": false,
        "is_verified": false,
        "line_number": 32,
        "type": "Secret Keyword",
        "verified_result": null
      }
    ],
    "sdk/fido2/src/main/java/com/ibm/security/verifysdk/fido2/model/PublicKeyCredentialRequestOptions.kt": [
      {
        "hashed_secret": "87e3ce32e6ffedf1c12008f91bbc5ed48cb08f7e",
        "is_secret": false,
        "is_verified": false,
        "line_number": 25,
        "type": "Secret Keyword",
        "verified_result": null
      }
    ],
    "sdk/mfa/src/androidTest/java/com/ibm/security/verifysdk/mfa/FactorTypeTest.kt": [
      {
        "hashed_secret": "98851a54332b024550b1c6973aad7b97247d8666",
        "is_secret": false,
        "is_verified": false,
        "line_number": 384,
        "type": "Secret Keyword",
        "verified_result": null
      },
      {
        "hashed_secret": "f321e7043407bdb9998221431975b1382005a543",
        "is_secret": false,
        "is_verified": false,
        "line_number": 399,
        "type": "Secret Keyword",
        "verified_result": null
      }
    ],
    "sdk/mfa/src/androidTest/java/com/ibm/security/verifysdk/mfa/HOTPFactorInfoTest.kt": [
      {
        "hashed_secret": "98851a54332b024550b1c6973aad7b97247d8666",
        "is_secret": false,
        "is_verified": false,
        "line_number": 16,
        "type": "Secret Keyword",
        "verified_result": null
      },
      {
        "hashed_secret": "1413a2cf9f24f91f0196edbc17bf3eb537a8fd4c",
        "is_secret": false,
        "is_verified": false,
        "line_number": 172,
        "type": "Secret Keyword",
        "verified_result": null
      },
      {
        "hashed_secret": "6a572d4a4b2776091609b806b3696801e877ae02",
        "is_secret": false,
        "is_verified": false,
        "line_number": 184,
        "type": "Secret Keyword",
        "verified_result": null
      }
    ],
    "sdk/mfa/src/androidTest/java/com/ibm/security/verifysdk/mfa/OTPAuthenticatorTest.kt": [
      {
        "hashed_secret": "72d763eb67fae98daa9b1bdc433a2fdca9ad0fba",
        "is_secret": false,
        "is_verified": false,
        "line_number": 127,
        "type": "Secret Keyword",
        "verified_result": null
      },
      {
        "hashed_secret": "058405e292ec2c43e4452b0c179712f152c4a0b0",
        "is_secret": false,
        "is_verified": false,
        "line_number": 167,
        "type": "Secret Keyword",
        "verified_result": null
      },
      {
        "hashed_secret": "80bfdbcea0ecb9b7941100dfe47a46a80f76dbaa",
        "is_secret": false,
        "is_verified": false,
        "line_number": 180,
        "type": "Secret Keyword",
        "verified_result": null
      },
      {
        "hashed_secret": "e7d328d9408fbcf4b14db8c2926aee824f05ce14",
        "is_secret": false,
        "is_verified": false,
        "line_number": 193,
        "type": "Secret Keyword",
        "verified_result": null
      },
      {
        "hashed_secret": "723cf8b5b5c5b7527c455119565ba6bf569a4f42",
        "is_secret": false,
        "is_verified": false,
        "line_number": 220,
        "type": "Secret Keyword",
        "verified_result": null
      },
      {
        "hashed_secret": "1383289ad98dd250e5ac7f6a708a9fce492ba15f",
        "is_secret": false,
        "is_verified": false,
        "line_number": 234,
        "type": "Secret Keyword",
        "verified_result": null
      },
      {
        "hashed_secret": "98851a54332b024550b1c6973aad7b97247d8666",
        "is_secret": false,
        "is_verified": false,
        "line_number": 272,
        "type": "Secret Keyword",
        "verified_result": null
      },
      {
        "hashed_secret": "f321e7043407bdb9998221431975b1382005a543",
        "is_secret": false,
        "is_verified": false,
        "line_number": 392,
        "type": "Secret Keyword",
        "verified_result": null
      },
      {
        "hashed_secret": "dd0536253056e796b19886ba0dbbb660b30d00ce",
        "is_secret": false,
        "is_verified": false,
        "line_number": 460,
        "type": "Secret Keyword",
        "verified_result": null
      },
      {
        "hashed_secret": "6a572d4a4b2776091609b806b3696801e877ae02",
        "is_secret": false,
        "is_verified": false,
        "line_number": 478,
        "type": "Secret Keyword",
        "verified_result": null
      },
      {
        "hashed_secret": "be143905aae713cffd565d349cb9f8c7c4112675",
        "is_secret": false,
        "is_verified": false,
        "line_number": 518,
        "type": "Secret Keyword",
        "verified_result": null
      },
      {
        "hashed_secret": "4ae7d923cb55b0ba9dd810f32c146ec5d6199b9f",
        "is_secret": false,
        "is_verified": false,
        "line_number": 538,
        "type": "Secret Keyword",
        "verified_result": null
      },
      {
        "hashed_secret": "a997e18d2db029e3907618cc74372fca67c696ee",
        "is_secret": false,
        "is_verified": false,
        "line_number": 558,
        "type": "Secret Keyword",
        "verified_result": null
      },
      {
        "hashed_secret": "8f8c24f438b6f75c10f25415621f905c5a0224a8",
        "is_secret": false,
        "is_verified": false,
        "line_number": 578,
        "type": "Secret Keyword",
        "verified_result": null
      },
      {
        "hashed_secret": "81897e2bd60eeb20afe1415c1e21727af17d06ad",
        "is_secret": false,
        "is_verified": false,
        "line_number": 598,
        "type": "Secret Keyword",
        "verified_result": null
      },
      {
        "hashed_secret": "5f617f000901015d64ca3115369d35d91e70303c",
        "is_secret": false,
        "is_verified": false,
        "line_number": 618,
        "type": "Secret Keyword",
        "verified_result": null
      },
      {
        "hashed_secret": "96efdc39ba08dbad6c110fe7089498c79ff08873",
        "is_secret": false,
        "is_verified": false,
        "line_number": 639,
        "type": "Secret Keyword",
        "verified_result": null
      }
    ],
    "sdk/mfa/src/androidTest/java/com/ibm/security/verifysdk/mfa/TOTPFactorInfoTest.kt": [
      {
        "hashed_secret": "f321e7043407bdb9998221431975b1382005a543",
        "is_secret": false,
        "is_verified": false,
        "line_number": 15,
        "type": "Secret Keyword",
        "verified_result": null
      },
      {
        "hashed_secret": "6a572d4a4b2776091609b806b3696801e877ae02",
        "is_secret": false,
        "is_verified": false,
        "line_number": 127,
        "type": "Secret Keyword",
        "verified_result": null
      }
    ],
    "sdk/mfa/src/androidTest/java/com/ibm/security/verifysdk/mfa/api/OnPremiseRegistrationProviderTest.kt": [
      {
        "hashed_secret": "14ea44268123b3a3f3deb4a5acf73538e6411a49",
        "is_secret": false,
        "is_verified": false,
        "line_number": 1676,
        "type": "Secret Keyword",
        "verified_result": null
      },
      {
        "hashed_secret": "5bc83ae66ffb88ae0536604c123dfdb0d4f2f5a6",
        "is_secret": false,
        "is_verified": false,
        "line_number": 1776,
        "type": "Secret Keyword",
        "verified_result": null
      },
      {
        "hashed_secret": "c6b76f6bd6c0b326de4937e5b6c10309a1ebf5e4",
        "is_secret": false,
        "is_verified": false,
        "line_number": 1875,
        "type": "Secret Keyword",
        "verified_result": null
      },
      {
        "hashed_secret": "c6cc48da93458566a970c8c70928be0a5818fb59",
        "is_secret": false,
        "is_verified": false,
        "line_number": 1974,
        "type": "Secret Keyword",
        "verified_result": null
      },
      {
        "hashed_secret": "406eba4a74cbfe2d588da2a8acd5c1b1793de71c",
        "is_secret": false,
        "is_verified": false,
        "line_number": 2074,
        "type": "Secret Keyword",
        "verified_result": null
      },
      {
        "hashed_secret": "673b34af4876cf90bec8bb675c620a0b49334419",
        "is_secret": false,
        "is_verified": false,
        "line_number": 2179,
        "type": "Secret Keyword",
        "verified_result": null
      }
    ],
    "sdk/mfa/src/androidTest/java/com/ibm/security/verifysdk/mfa/model/cloud/CloudTOTPEnrollableFactorTest.kt": [
      {
        "hashed_secret": "f321e7043407bdb9998221431975b1382005a543",
        "is_secret": false,
        "is_verified": false,
        "line_number": 23,
        "type": "Secret Keyword",
        "verified_result": null
      },
      {
        "hashed_secret": "b11eb60477d2e403c7311123ddad2a3a985fdf4e",
        "is_secret": false,
        "is_verified": false,
        "line_number": 202,
        "type": "Secret Keyword",
        "verified_result": null
      },
      {
        "hashed_secret": "00cafd126182e8a9e7c01bb2f0dfd00496be724f",
        "is_secret": false,
        "is_verified": false,
        "line_number": 313,
        "type": "Secret Keyword",
        "verified_result": null
      },
      {
        "hashed_secret": "c636e8e238fd7af97e2e500f8c6f0f4c0bedafb0",
        "is_secret": false,
        "is_verified": false,
        "line_number": 322,
        "type": "Secret Keyword",
        "verified_result": null
      },
      {
        "hashed_secret": "7d33b632720ec596060b75e095809dead43f6d63",
        "is_secret": false,
        "is_verified": false,
        "line_number": 469,
        "type": "Secret Keyword",
        "verified_result": null
      }
    ],
    "sdk/mfa/src/main/java/com/ibm/security/verifysdk/mfa/OTPAuthenticator.kt": [
      {
        "hashed_secret": "6a572d4a4b2776091609b806b3696801e877ae02",
        "is_secret": false,
        "is_verified": false,
        "line_number": 76,
        "type": "Secret Keyword",
        "verified_result": null
      }
    ],
    "sdk/mfa/src/main/java/com/ibm/security/verifysdk/mfa/api/CloudRegistrationProvider.kt": [
      {
        "hashed_secret": "ebbffb7d7ea5362a22bfa1bab0bfdeb1617cd610",
        "is_secret": false,
        "is_verified": false,
        "line_number": 491,
        "type": "Secret Keyword",
        "verified_result": null
      }
    ],
    "sdk/mfa/src/main/java/com/ibm/security/verifysdk/mfa/api/OnPremiseRegistrationProvider.kt": [
      {
        "hashed_secret": "ebbffb7d7ea5362a22bfa1bab0bfdeb1617cd610",
        "is_secret": false,
        "is_verified": false,
        "line_number": 501,
        "type": "Secret Keyword",
        "verified_result": null
      }
    ],
    "sdk/mfa/src/main/java/com/ibm/security/verifysdk/mfa/model/cloud/CloudRegistration.kt": [
      {
        "hashed_secret": "7730b7d74303dcaa3ffbe5eac7829a00fea6c6dd",
        "is_secret": false,
        "is_verified": false,
        "line_number": 84,
        "type": "Secret Keyword",
        "verified_result": null
      }
    ]
  },
  "version": "0.13.1+ibm.64.dss",
  "word_list": {
    "file": null,
    "hash": null
  }
}
